  #True
#And
  #True
#And
  <T>
    <k>
      x = choice ( a , b );
    </k>
    <state>
      a |-> A:Int
      b |-> B:Int
      x |-> _0
    </state>
  </T>
