  <T>
    <k>
      .
    </k>
    <state>
      r |-> 0
      x |-> ?I:Int
      y |-> ?I0:Int
    </state>
  </T>
#And
  {
    false
  #Equals
    ?I <=Int ?I0
  }
