    ( true
    #Or
      true )
  #Equals
    true
#And
  <generatedTop>
    <T>
      <k>
        .
      </k>
      <state>
        n |-> 0
        sum |-> 15
      </state>
    </T>
    <generatedCounter>
      0
    </generatedCounter>
  </generatedTop>
