Lbl'-LT-'generatedTop'-GT-'{}(
    Lbl'-LT-'kevm'-GT-'{}(
        Lbl'-LT-'k'-GT-'{}(dotk{}()),
        Lbl'-LT-'exit-code'-GT-'{}(/* builtin: */ \dv{SortInt{}}("0")),
        Lbl'-LT-'mode'-GT-'{}(
            LblSUCCESS'Unds'ETHEREUM-SIMULATION'Unds'Mode{}()
        ),
        Lbl'-LT-'schedule'-GT-'{}(LblDEFAULT'Unds'EVM{}()),
        Lbl'-LT-'ethereum'-GT-'{}(
            Lbl'-LT-'evm'-GT-'{}(
                Lbl'-LT-'output'-GT-'{}(\dv{SortBytes{}}("")),
                Lbl'-LT-'statusCode'-GT-'{}(
                    Lbl'Stop'StatusCode'Unds'NETWORK'Unds'StatusCode{}()
                ),
                Lbl'-LT-'callStack'-GT-'{}(/* builtin: */ Lbl'Stop'List{}()),
                Lbl'-LT-'interimStates'-GT-'{}(
                    /* builtin: */ Lbl'Stop'List{}()
                ),
                Lbl'-LT-'touchedAccounts'-GT-'{}(
                    /* builtin: */ Lbl'Stop'Set{}()
                ),
                Lbl'-LT-'callState'-GT-'{}(
                    Lbl'-LT-'program'-GT-'{}(\dv{SortBytes{}}("")),
                    Lbl'-LT-'jumpDests'-GT-'{}(/* builtin: */ Lbl'Stop'Set{}()),
                    Lbl'-LT-'id'-GT-'{}(
                        Lbl'Stop'Account'Unds'EVM-TYPES'Unds'Account{}()
                    ),
                    Lbl'-LT-'caller'-GT-'{}(
                        Lbl'Stop'Account'Unds'EVM-TYPES'Unds'Account{}()
                    ),
                    Lbl'-LT-'callData'-GT-'{}(\dv{SortBytes{}}("")),
                    Lbl'-LT-'callValue'-GT-'{}(
                        /* builtin: */ \dv{SortInt{}}("0")
                    ),
                    Lbl'-LT-'wordStack'-GT-'{}(
                        Lbl'Stop'WordStack'Unds'EVM-TYPES'Unds'WordStack{}()
                    ),
                    Lbl'-LT-'localMem'-GT-'{}(/* builtin: */ Lbl'Stop'Map{}()),
                    Lbl'-LT-'pc'-GT-'{}(/* builtin: */ \dv{SortInt{}}("0")),
                    Lbl'-LT-'gas'-GT-'{}(/* builtin: */ \dv{SortInt{}}("0")),
                    Lbl'-LT-'memoryUsed'-GT-'{}(
                        /* builtin: */ \dv{SortInt{}}("0")
                    ),
                    Lbl'-LT-'callGas'-GT-'{}(
                        /* builtin: */ \dv{SortInt{}}("0")
                    ),
                    Lbl'-LT-'static'-GT-'{}(
                        /* builtin: */ \dv{SortBool{}}("false")
                    ),
                    Lbl'-LT-'callDepth'-GT-'{}(
                        /* builtin: */ \dv{SortInt{}}("0")
                    )
                ),
                Lbl'-LT-'substate'-GT-'{}(
                    Lbl'-LT-'selfDestruct'-GT-'{}(
                        /* builtin: */ Lbl'Stop'Set{}()
                    ),
                    Lbl'-LT-'log'-GT-'{}(/* builtin: */ Lbl'Stop'List{}()),
                    Lbl'-LT-'refund'-GT-'{}(/* builtin: */ \dv{SortInt{}}("0"))
                ),
                Lbl'-LT-'gasPrice'-GT-'{}(/* builtin: */ \dv{SortInt{}}("0")),
                Lbl'-LT-'origin'-GT-'{}(
                    Lbl'Stop'Account'Unds'EVM-TYPES'Unds'Account{}()
                ),
                Lbl'-LT-'blockhashes'-GT-'{}(/* builtin: */ Lbl'Stop'List{}()),
                Lbl'-LT-'block'-GT-'{}(
                    Lbl'-LT-'previousHash'-GT-'{}(
                        /* builtin: */ \dv{SortInt{}}("0")
                    ),
                    Lbl'-LT-'ommersHash'-GT-'{}(
                        /* builtin: */ \dv{SortInt{}}("0")
                    ),
                    Lbl'-LT-'coinbase'-GT-'{}(
                        /* builtin: */ \dv{SortInt{}}("0")
                    ),
                    Lbl'-LT-'stateRoot'-GT-'{}(
                        /* builtin: */ \dv{SortInt{}}("0")
                    ),
                    Lbl'-LT-'transactionsRoot'-GT-'{}(
                        /* builtin: */ \dv{SortInt{}}("0")
                    ),
                    Lbl'-LT-'receiptsRoot'-GT-'{}(
                        /* builtin: */ \dv{SortInt{}}("0")
                    ),
                    Lbl'-LT-'logsBloom'-GT-'{}(\dv{SortBytes{}}("")),
                    Lbl'-LT-'difficulty'-GT-'{}(
                        /* builtin: */ \dv{SortInt{}}("0")
                    ),
                    Lbl'-LT-'number'-GT-'{}(/* builtin: */ \dv{SortInt{}}("0")),
                    Lbl'-LT-'gasLimit'-GT-'{}(
                        /* builtin: */ \dv{SortInt{}}("0")
                    ),
                    Lbl'-LT-'gasUsed'-GT-'{}(
                        /* builtin: */ \dv{SortInt{}}("0")
                    ),
                    Lbl'-LT-'timestamp'-GT-'{}(
                        /* builtin: */ \dv{SortInt{}}("0")
                    ),
                    Lbl'-LT-'extraData'-GT-'{}(\dv{SortBytes{}}("")),
                    Lbl'-LT-'mixHash'-GT-'{}(
                        /* builtin: */ \dv{SortInt{}}("0")
                    ),
                    Lbl'-LT-'blockNonce'-GT-'{}(
                        /* builtin: */ \dv{SortInt{}}("0")
                    ),
                    Lbl'-LT-'ommerBlockHeaders'-GT-'{}(
                        LblJSONList{}(
                            Lbl'Stop'List'LBraQuot'JSONs'QuotRBraUnds'JSONs{}()
                        )
                    )
                )
            ),
            Lbl'-LT-'network'-GT-'{}(
                Lbl'-LT-'activeAccounts'-GT-'{}(
                    /* builtin: */ Lbl'Stop'Set{}()
                ),
                Lbl'-LT-'accounts'-GT-'{}(
                    /* builtin: */ Lbl'Stop'AccountCellMap{}()
                ),
                Lbl'-LT-'txOrder'-GT-'{}(/* builtin: */ Lbl'Stop'List{}()),
                Lbl'-LT-'txPending'-GT-'{}(/* builtin: */ Lbl'Stop'List{}()),
                Lbl'-LT-'messages'-GT-'{}(
                    /* builtin: */ Lbl'Stop'MessageCellMap{}()
                )
            )
        )
    ),
    Lbl'-LT-'generatedCounter'-GT-'{}(/* builtin: */ \dv{SortInt{}}("0"))
)