Parse error: Error in module 'Nat' -> sort '#Nat' declaration (../../../test/resources//test-exception-9.kore 3:18): Malformed meta sort '#Nat' with non-empty Parameter sorts.