Definition
    { definitionAttributes = Attributes []
    , definitionModules =
        [ Module
            { moduleName = ModuleName "TEST-PATTERN-15"
            , moduleSentences =
                [ MetaSentence (SentenceAxiomSentence SentenceAxiom
                    { sentenceAxiomParameters =
                        [ UnifiedObject (SortVariable ((Id "S" AstLocationNone) :: Id Object))
                        ]
                    , sentenceAxiomPattern =
                        KorePattern
                            { getKorePattern = CofreeT
                                { runCofreeT = Identity
                                    { runIdentity = () :< UnifiedObjectPattern (RewritesPattern Rewrites
                                        { rewritesSort =
                                            SortVariableSort (SortVariable ((Id "S" AstLocationNone) :: Id Object))
                                        , rewritesFirst =
                                            CofreeT
                                                { runCofreeT = Identity
                                                    { runIdentity = () :< UnifiedObjectPattern (VariablePattern Variable
                                                        { variableName = (Id "X" AstLocationNone) :: Id Object
                                                        , variableSort =
                                                            SortVariableSort (SortVariable ((Id "S" AstLocationNone) :: Id Object))
                                                        })
                                                    }
                                                }
                                        , rewritesSecond =
                                            CofreeT
                                                { runCofreeT = Identity
                                                    { runIdentity = () :< UnifiedObjectPattern (VariablePattern Variable
                                                        { variableName = (Id "X" AstLocationNone) :: Id Object
                                                        , variableSort =
                                                            SortVariableSort (SortVariable ((Id "S" AstLocationNone) :: Id Object))
                                                        })
                                                    }
                                                }
                                        })
                                    }
                                }
                            }
                    , sentenceAxiomAttributes = Attributes []
                    })
                ]
            , moduleAttributes = Attributes []
            }
        ]
    }