Definition
    { definitionAttributes = Attributes []
    , definitionModules =
        [ Module
            { moduleName = ModuleName "TEST-ATTRIBUTE-1"
            , moduleSentences =
                [ ObjectSentence (SentenceHookSentence (SentenceHookedSort SentenceSort
                    { sentenceSortName = (Id "Nat" AstLocationNone) :: Id Object
                    , sentenceSortParameters = []
                    , sentenceSortAttributes =
                        Attributes 
                            [ KorePattern
                                { getKorePattern = CofreeT
                                    { runCofreeT = Identity
                                        { runIdentity = () :< UnifiedObjectPattern (ApplicationPattern Application
                                            { applicationSymbolOrAlias =
                                                SymbolOrAlias
                                                    { symbolOrAliasConstructor = (Id "hook" AstLocationNone) :: Id Object
                                                    , symbolOrAliasParams = []
                                                    }
                                            , applicationChildren =
                                                [ CofreeT
                                                    { runCofreeT = Identity
                                                        { runIdentity = () :< UnifiedMetaPattern (StringLiteralPattern (StringLiteral "Nat"))
                                                        }
                                                    }
                                                ]
                                            })
                                        }
                                    }
                                }
                            ]
                    }))
                ]
            , moduleAttributes = Attributes []
            }
        ]
    }