Parse error: Error in module 'BOOL' -> alias 'falseBool' declaration (../../../test/resources//test-bool-4.kore 4:11) -> \dv (../../../test/resources//test-bool-4.kore 4:61) -> Verifying domain value in builtin sort 'BOOL.Bool' -> Parsing string literal: <string literal>:1:1:
unexpected "untru"
expecting "false" or "true"
