Definition
    { definitionAttributes = Attributes []
    , definitionModules =
        [ Module
            { moduleName = ModuleName "TEST-SYMBOL-2"
            , moduleSentences =
                [ ObjectSentence (SentenceSortSentence SentenceSort
                    { sentenceSortName = (Id "S" AstLocationNone) :: Id Object
                    , sentenceSortParameters = []
                    , sentenceSortAttributes = Attributes []
                    })
                , ObjectSentence (SentenceSymbolSentence SentenceSymbol
                    { sentenceSymbolSymbol =
                        Symbol
                            { symbolConstructor = (Id "f" AstLocationNone) :: Id Object
                            , symbolParams = []
                            }
                    , sentenceSymbolSorts =
                        [ SortActualSort SortActual
                            { sortActualName = (Id "S" AstLocationNone) :: Id Object
                            , sortActualSorts = []
                            , sortAttributes =
                                Attribute.Sort
                                    { hook = Attribute.Hook Nothing
                                    , smtlib = Attribute.Smtlib Nothing
                                    }
                            }
                        ]
                    , sentenceSymbolReturnSort =
                        SortActualSort SortActual
                            { sortActualName = (Id "S" AstLocationNone) :: Id Object
                            , sortActualSorts = []
                            , sortAttributes =
                                Attribute.Sort
                                    { hook = Attribute.Hook Nothing
                                    , smtlib = Attribute.Smtlib Nothing
                                    }
                            }
                    , sentenceSymbolAttributes = Attributes []
                    })
                ]
            , moduleAttributes = Attributes []
            }
        ]
    }