Definition
    { definitionAttributes =
        Attributes 
            [ KorePattern
                { getKorePattern = CofreeT
                    { runCofreeT = Identity
                        { runIdentity = () :< UnifiedObjectPattern (ApplicationPattern Application
                            { applicationSymbolOrAlias =
                                SymbolOrAlias
                                    { symbolOrAliasConstructor = (Id "key" AstLocationNone) :: Id Object
                                    , symbolOrAliasParams = []
                                    }
                            , applicationChildren =
                                [ CofreeT
                                    { runCofreeT = Identity
                                        { runIdentity = () :< UnifiedMetaPattern (StringLiteralPattern (StringLiteral "\v"))
                                        }
                                    }
                                ]
                            })
                        }
                    }
                }
            ]
    , definitionModules =
        [ Module
            { moduleName = ModuleName "TEST-STRING-3"
            , moduleSentences = []
            , moduleAttributes = Attributes []
            }
        ]
    }