Definition
    { definitionAttributes = Attributes []
    , definitionModules =
        [ Module
            { moduleName = ModuleName "TEST-HOOKS-1"
            , moduleSentences =
                [ ObjectSentence (SentenceHookSentence (SentenceHookedSort SentenceSort
                    { sentenceSortName = (Id "S" AstLocationNone) :: Id Object
                    , sentenceSortParameters = []
                    , sentenceSortAttributes =
                        Attributes 
                            [ KorePattern
                                { getKorePattern = CofreeT
                                    { runCofreeT = Identity
                                        { runIdentity = () :< UnifiedObjectPattern (ApplicationPattern Application
                                            { applicationSymbolOrAlias =
                                                SymbolOrAlias
                                                    { symbolOrAliasConstructor = (Id "hook" AstLocationNone) :: Id Object
                                                    , symbolOrAliasParams = []
                                                    }
                                            , applicationChildren =
                                                [ CofreeT
                                                    { runCofreeT = Identity
                                                        { runIdentity = () :< UnifiedMetaPattern (StringLiteralPattern (StringLiteral "S.S"))
                                                        }
                                                    }
                                                ]
                                            })
                                        }
                                    }
                                }
                            ]
                    }))
                , ObjectSentence (SentenceHookSentence (SentenceHookedSymbol SentenceSymbol
                    { sentenceSymbolSymbol =
                        Symbol
                            { symbolConstructor = (Id "f" AstLocationNone) :: Id Object
                            , symbolParams = []
                            }
                    , sentenceSymbolSorts = []
                    , sentenceSymbolReturnSort =
                        SortActualSort SortActual
                            { sortActualName = (Id "S" AstLocationNone) :: Id Object
                            , sortActualSorts = []
                            }
                    , sentenceSymbolAttributes =
                        Attributes 
                            [ KorePattern
                                { getKorePattern = CofreeT
                                    { runCofreeT = Identity
                                        { runIdentity = () :< UnifiedObjectPattern (ApplicationPattern Application
                                            { applicationSymbolOrAlias =
                                                SymbolOrAlias
                                                    { symbolOrAliasConstructor = (Id "hook" AstLocationNone) :: Id Object
                                                    , symbolOrAliasParams = []
                                                    }
                                            , applicationChildren =
                                                [ CofreeT
                                                    { runCofreeT = Identity
                                                        { runIdentity = () :< UnifiedMetaPattern (StringLiteralPattern (StringLiteral "S.f"))
                                                        }
                                                    }
                                                ]
                                            })
                                        }
                                    }
                                }
                            ]
                    }))
                ]
            , moduleAttributes = Attributes []
            }
        ]
    }