Definition
    { definitionAttributes = Attributes []
    , definitionModules =
        [ Module
            { moduleName = ModuleName "TEST-ALIAS-1"
            , moduleSentences =
                [ ObjectSentence (SentenceSortSentence SentenceSort
                    { sentenceSortName = (Id "S" AstLocationNone) :: Id Object
                    , sentenceSortParameters = []
                    , sentenceSortAttributes = Attributes []
                    })
                , ObjectSentence (SentenceSymbolSentence SentenceSymbol
                    { sentenceSymbolSymbol =
                        Symbol
                            { symbolConstructor = (Id "g" AstLocationNone) :: Id Object
                            , symbolParams = []
                            }
                    , sentenceSymbolSorts = []
                    , sentenceSymbolReturnSort =
                        SortActualSort SortActual
                            { sortActualName = (Id "S" AstLocationNone) :: Id Object
                            , sortActualSorts = []
                            , sortAttributes =
                                Attribute.Sort
                                    { hook = Attribute.Hook Nothing
                                    , smtlib = Attribute.Smtlib Nothing
                                    }
                            }
                    , sentenceSymbolAttributes = Attributes []
                    })
                , ObjectSentence (SentenceAliasSentence SentenceAlias
                    { sentenceAliasAlias =
                        Alias
                            { aliasConstructor = (Id "f" AstLocationNone) :: Id Object
                            , aliasParams = []
                            }
                    , sentenceAliasSorts = []
                    , sentenceAliasReturnSort =
                        SortActualSort SortActual
                            { sortActualName = (Id "S" AstLocationNone) :: Id Object
                            , sortActualSorts = []
                            , sortAttributes =
                                Attribute.Sort
                                    { hook = Attribute.Hook Nothing
                                    , smtlib = Attribute.Smtlib Nothing
                                    }
                            }
                    , sentenceAliasLeftPattern =
                        Application
                            { applicationSymbolOrAlias =
                                SymbolOrAlias
                                    { symbolOrAliasConstructor = (Id "f" AstLocationNone) :: Id Object
                                    , symbolOrAliasParams = []
                                    }
                            , applicationChildren = []
                            }
                    , sentenceAliasRightPattern =
                        KorePattern
                            { getKorePattern = CofreeT
                                { runCofreeT = Identity
                                    { runIdentity = UnifiedObject Null :< UnifiedObjectPattern (ApplicationPattern Application
                                        { applicationSymbolOrAlias =
                                            SymbolOrAlias
                                                { symbolOrAliasConstructor = (Id "g" AstLocationNone) :: Id Object
                                                , symbolOrAliasParams = []
                                                }
                                        , applicationChildren = []
                                        })
                                    }
                                }
                            }
                    , sentenceAliasAttributes = Attributes []
                    })
                ]
            , moduleAttributes = Attributes []
            }
        ]
    }